 ok
include inctest.fth 
INCTEST.FTH included from stream file: "1 2 + 4 * .": 12 
 ok
logclose 
