
DOUBLTST.FTH *****************
End of Double-Number word tests
